
Memory Configuration

Name             Origin             Length             Attributes
FLASH            0x08000000         0x00080000         xr
RAM              0x20000000         0x00010000         xrw
*default*        0x00000000         0xffffffff

Linker script and memory map

LOAD obj\core_cm3.o
LOAD obj\main.o
LOAD obj\startup_stm32f10x_hd.o
LOAD obj\system_stm32f10x.o
START GROUP
LOAD C:\Program Files (x86)\CodeBlocks\GunARM2016q2\lib\gcc\arm-none-eabi\5.4.1\libgcc.a
LOAD c:/program files (x86)/codeblocks/gunarm2016q2/bin/../lib/gcc/arm-none-eabi/5.4.1/../../../../arm-none-eabi/lib/thumb\libc.a
END GROUP
                0x20010000                _estack = 0x20010000
                0x00000000                _Min_Heap_Size = 0x0
                0x00000200                _Min_Stack_Size = 0x200

.isr_vector     0x08000000      0x1e4
                0x08000000                . = ALIGN (0x4)
 *(.isr_vector)
 .isr_vector    0x08000000      0x1e4 obj\startup_stm32f10x_hd.o
                0x08000000                g_pfnVectors
                0x080001e4                . = ALIGN (0x4)

.text           0x080001e4      0x2ec
                0x080001e4                . = ALIGN (0x4)
 *(.text.Reset_Handler)
 .text.Reset_Handler
                0x080001e4       0x44 obj\startup_stm32f10x_hd.o
                0x080001e4                Reset_Handler
 *(.text.Default_Handler)
 .text.Default_Handler
                0x08000228        0x2 obj\startup_stm32f10x_hd.o
                0x08000228                EXTI2_IRQHandler
                0x08000228                TIM8_TRG_COM_IRQHandler
                0x08000228                TIM8_CC_IRQHandler
                0x08000228                DebugMon_Handler
                0x08000228                TIM1_CC_IRQHandler
                0x08000228                HardFault_Handler
                0x08000228                TIM6_IRQHandler
                0x08000228                SysTick_Handler
                0x08000228                PVD_IRQHandler
                0x08000228                SDIO_IRQHandler
                0x08000228                PendSV_Handler
                0x08000228                NMI_Handler
                0x08000228                EXTI3_IRQHandler
                0x08000228                EXTI0_IRQHandler
                0x08000228                I2C2_EV_IRQHandler
                0x08000228                UsageFault_Handler
                0x08000228                ADC1_2_IRQHandler
                0x08000228                SPI1_IRQHandler
                0x08000228                TAMPER_IRQHandler
                0x08000228                TIM8_UP_IRQHandler
                0x08000228                DMA2_Channel2_IRQHandler
                0x08000228                DMA1_Channel4_IRQHandler
                0x08000228                USART3_IRQHandler
                0x08000228                RTC_IRQHandler
                0x08000228                DMA1_Channel7_IRQHandler
                0x08000228                CAN1_RX1_IRQHandler
                0x08000228                UART5_IRQHandler
                0x08000228                ADC3_IRQHandler
                0x08000228                TIM4_IRQHandler
                0x08000228                DMA2_Channel1_IRQHandler
                0x08000228                I2C1_EV_IRQHandler
                0x08000228                DMA1_Channel6_IRQHandler
                0x08000228                UART4_IRQHandler
                0x08000228                TIM3_IRQHandler
                0x08000228                RCC_IRQHandler
                0x08000228                TIM1_TRG_COM_IRQHandler
                0x08000228                DMA1_Channel1_IRQHandler
                0x08000228                Default_Handler
                0x08000228                EXTI15_10_IRQHandler
                0x08000228                TIM7_IRQHandler
                0x08000228                TIM5_IRQHandler
                0x08000228                EXTI9_5_IRQHandler
                0x08000228                SPI2_IRQHandler
                0x08000228                MemManage_Handler
                0x08000228                SVC_Handler
                0x08000228                DMA1_Channel5_IRQHandler
                0x08000228                EXTI4_IRQHandler
                0x08000228                USB_LP_CAN1_RX0_IRQHandler
                0x08000228                USB_HP_CAN1_TX_IRQHandler
                0x08000228                DMA1_Channel3_IRQHandler
                0x08000228                FSMC_IRQHandler
                0x08000228                TIM1_UP_IRQHandler
                0x08000228                WWDG_IRQHandler
                0x08000228                TIM2_IRQHandler
                0x08000228                TIM1_BRK_IRQHandler
                0x08000228                EXTI1_IRQHandler
                0x08000228                RTCAlarm_IRQHandler
                0x08000228                DMA2_Channel4_5_IRQHandler
                0x08000228                USART2_IRQHandler
                0x08000228                I2C2_ER_IRQHandler
                0x08000228                DMA1_Channel2_IRQHandler
                0x08000228                TIM8_BRK_IRQHandler
                0x08000228                CAN1_SCE_IRQHandler
                0x08000228                FLASH_IRQHandler
                0x08000228                BusFault_Handler
                0x08000228                USART1_IRQHandler
                0x08000228                SPI3_IRQHandler
                0x08000228                I2C1_ER_IRQHandler
                0x08000228                USBWakeUp_IRQHandler
                0x08000228                DMA2_Channel3_IRQHandler
 *(.text)
 .text          0x0800022a       0x8a obj\core_cm3.o
                0x0800022a                __get_PSP
                0x08000232                __set_PSP
                0x08000238                __get_MSP
                0x08000240                __set_MSP
                0x08000246                __get_BASEPRI
                0x0800024c                __set_BASEPRI
                0x08000252                __get_PRIMASK
                0x08000258                __set_PRIMASK
                0x0800025e                __get_FAULTMASK
                0x08000264                __set_FAULTMASK
                0x0800026a                __get_CONTROL
                0x08000270                __set_CONTROL
                0x08000276                __REV
                0x0800027a                __REV16
                0x0800027e                __REVSH
                0x08000282                __RBIT
                0x08000288                __LDREXB
                0x08000290                __LDREXH
                0x08000298                __LDREXW
                0x0800029e                __STREXB
                0x080002a6                __STREXH
                0x080002ae                __STREXW
 .text          0x080002b4       0x98 obj\main.o
                0x080002b4                uart1_start
                0x08000314                uart1_send
                0x0800032c                uart1_stop
                0x0800033c                delay
 .text          0x0800034c       0x14 obj\startup_stm32f10x_hd.o
 .text          0x08000360      0x14c obj\system_stm32f10x.o
                0x08000360                SystemInit
                0x08000454                SystemCoreClockUpdate
 *(.text*)
 .text.startup  0x080004ac       0x24 obj\main.o
                0x080004ac                main
 *(.rodata)
 *(.rodata*)
                0x080004d0                . = ALIGN (0x4)
                0x080004d0                _etext = .

.glue_7         0x080004d0        0x0
 .glue_7        0x080004d0        0x0 linker stubs

.glue_7t        0x080004d0        0x0
 .glue_7t       0x080004d0        0x0 linker stubs

.vfp11_veneer   0x080004d0        0x0
 .vfp11_veneer  0x080004d0        0x0 linker stubs

.v4_bx          0x080004d0        0x0
 .v4_bx         0x080004d0        0x0 linker stubs

.iplt           0x080004d0        0x0
 .iplt          0x080004d0        0x0 obj\core_cm3.o

.rel.dyn        0x080004d0        0x0
 .rel.iplt      0x080004d0        0x0 obj\core_cm3.o

.ARM.extab
 *(.ARM.extab* .gnu.linkonce.armextab.*)

.ARM            0x080004d0        0x0
                0x080004d0                __exidx_start = .
 *(.ARM.exidx*)
                0x080004d0                __exidx_end = .
                0x080004d0                _sidata = .

.data           0x20000000       0x24 load address 0x080004d0
                0x20000000                . = ALIGN (0x4)
                0x20000000                _sdata = .
 *(.data)
 .data          0x20000000        0x0 obj\core_cm3.o
 .data          0x20000000        0xf obj\main.o
                0x20000000                hello
 .data          0x2000000f        0x0 obj\startup_stm32f10x_hd.o
 *fill*         0x2000000f        0x1 
 .data          0x20000010       0x14 obj\system_stm32f10x.o
                0x20000010                SystemCoreClock
                0x20000014                AHBPrescTable
 *(.data*)
                0x20000024                . = ALIGN (0x4)
                0x20000024                _edata = .

.igot.plt       0x20000024        0x0 load address 0x080004f4
 .igot.plt      0x20000024        0x0 obj\core_cm3.o

.bss            0x20000024        0x0 load address 0x080004f4
                0x20000024                . = ALIGN (0x4)
                0x20000024                _sbss = .
 *(.bss)
 .bss           0x20000024        0x0 obj\core_cm3.o
 .bss           0x20000024        0x0 obj\main.o
 .bss           0x20000024        0x0 obj\startup_stm32f10x_hd.o
 .bss           0x20000024        0x0 obj\system_stm32f10x.o
 *(.bss*)
 *(COMMON)
                0x20000024                . = ALIGN (0x4)
                0x20000024                _ebss = .

._user_heap_stack
                0x20000024      0x200 load address 0x080004f4
                0x20000024                . = ALIGN (0x4)
                0x20000024                . = (. + _Min_Heap_Size)
                0x20000224                . = (. + _Min_Stack_Size)
 *fill*         0x20000024      0x200 
                0x20000224                . = ALIGN (0x4)
OUTPUT(bin\STM32_Hello.elf elf32-littlearm)

.debug_info     0x00000000      0xbf6
 .debug_info    0x00000000      0x59c obj\core_cm3.o
 .debug_info    0x0000059c      0x12f obj\main.o
 .debug_info    0x000006cb       0x5d obj\startup_stm32f10x_hd.o
 .debug_info    0x00000728      0x4ce obj\system_stm32f10x.o

.debug_abbrev   0x00000000      0x335
 .debug_abbrev  0x00000000       0xbf obj\core_cm3.o
 .debug_abbrev  0x000000bf       0xc9 obj\main.o
 .debug_abbrev  0x00000188       0x12 obj\startup_stm32f10x_hd.o
 .debug_abbrev  0x0000019a      0x19b obj\system_stm32f10x.o

.debug_loc      0x00000000      0x4a0
 .debug_loc     0x00000000      0x33a obj\core_cm3.o
 .debug_loc     0x0000033a       0x95 obj\main.o
 .debug_loc     0x000003cf       0xd1 obj\system_stm32f10x.o

.debug_aranges  0x00000000       0x90
 .debug_aranges
                0x00000000       0x20 obj\core_cm3.o
 .debug_aranges
                0x00000020       0x28 obj\main.o
 .debug_aranges
                0x00000048       0x28 obj\startup_stm32f10x_hd.o
 .debug_aranges
                0x00000070       0x20 obj\system_stm32f10x.o

.debug_ranges   0x00000000       0x60
 .debug_ranges  0x00000000       0x10 obj\core_cm3.o
 .debug_ranges  0x00000010       0x18 obj\main.o
 .debug_ranges  0x00000028       0x20 obj\startup_stm32f10x_hd.o
 .debug_ranges  0x00000048       0x18 obj\system_stm32f10x.o

.debug_line     0x00000000      0x3a8
 .debug_line    0x00000000      0x159 obj\core_cm3.o
 .debug_line    0x00000159       0x81 obj\main.o
 .debug_line    0x000001da       0x72 obj\startup_stm32f10x_hd.o
 .debug_line    0x0000024c      0x15c obj\system_stm32f10x.o

.debug_str      0x00000000      0x40e
 .debug_str     0x00000000      0x26e obj\core_cm3.o
                                0x2cc (size before relaxing)
 .debug_str     0x0000026e       0x43 obj\main.o
                                 0xfb (size before relaxing)
 .debug_str     0x000002b1      0x15d obj\system_stm32f10x.o
                                0x2cf (size before relaxing)

.comment        0x00000000       0x6e
 .comment       0x00000000       0x6e obj\core_cm3.o
                                 0x6f (size before relaxing)
 .comment       0x0000006e       0x6f obj\main.o
 .comment       0x0000006e       0x6f obj\system_stm32f10x.o

.ARM.attributes
                0x00000000       0x31
 .ARM.attributes
                0x00000000       0x33 obj\core_cm3.o
 .ARM.attributes
                0x00000033       0x33 obj\main.o
 .ARM.attributes
                0x00000066       0x21 obj\startup_stm32f10x_hd.o
 .ARM.attributes
                0x00000087       0x33 obj\system_stm32f10x.o

.debug_frame    0x00000000      0x214
 .debug_frame   0x00000000      0x170 obj\core_cm3.o
 .debug_frame   0x00000170       0x68 obj\main.o
 .debug_frame   0x000001d8       0x3c obj\system_stm32f10x.o

Cross Reference Table

Symbol                                            File
ADC1_2_IRQHandler                                 obj\startup_stm32f10x_hd.o
ADC3_IRQHandler                                   obj\startup_stm32f10x_hd.o
AHBPrescTable                                     obj\system_stm32f10x.o
BusFault_Handler                                  obj\startup_stm32f10x_hd.o
CAN1_RX1_IRQHandler                               obj\startup_stm32f10x_hd.o
CAN1_SCE_IRQHandler                               obj\startup_stm32f10x_hd.o
DMA1_Channel1_IRQHandler                          obj\startup_stm32f10x_hd.o
DMA1_Channel2_IRQHandler                          obj\startup_stm32f10x_hd.o
DMA1_Channel3_IRQHandler                          obj\startup_stm32f10x_hd.o
DMA1_Channel4_IRQHandler                          obj\startup_stm32f10x_hd.o
DMA1_Channel5_IRQHandler                          obj\startup_stm32f10x_hd.o
DMA1_Channel6_IRQHandler                          obj\startup_stm32f10x_hd.o
DMA1_Channel7_IRQHandler                          obj\startup_stm32f10x_hd.o
DMA2_Channel1_IRQHandler                          obj\startup_stm32f10x_hd.o
DMA2_Channel2_IRQHandler                          obj\startup_stm32f10x_hd.o
DMA2_Channel3_IRQHandler                          obj\startup_stm32f10x_hd.o
DMA2_Channel4_5_IRQHandler                        obj\startup_stm32f10x_hd.o
DebugMon_Handler                                  obj\startup_stm32f10x_hd.o
Default_Handler                                   obj\startup_stm32f10x_hd.o
EXTI0_IRQHandler                                  obj\startup_stm32f10x_hd.o
EXTI15_10_IRQHandler                              obj\startup_stm32f10x_hd.o
EXTI1_IRQHandler                                  obj\startup_stm32f10x_hd.o
EXTI2_IRQHandler                                  obj\startup_stm32f10x_hd.o
EXTI3_IRQHandler                                  obj\startup_stm32f10x_hd.o
EXTI4_IRQHandler                                  obj\startup_stm32f10x_hd.o
EXTI9_5_IRQHandler                                obj\startup_stm32f10x_hd.o
FLASH_IRQHandler                                  obj\startup_stm32f10x_hd.o
FSMC_IRQHandler                                   obj\startup_stm32f10x_hd.o
HardFault_Handler                                 obj\startup_stm32f10x_hd.o
I2C1_ER_IRQHandler                                obj\startup_stm32f10x_hd.o
I2C1_EV_IRQHandler                                obj\startup_stm32f10x_hd.o
I2C2_ER_IRQHandler                                obj\startup_stm32f10x_hd.o
I2C2_EV_IRQHandler                                obj\startup_stm32f10x_hd.o
MemManage_Handler                                 obj\startup_stm32f10x_hd.o
NMI_Handler                                       obj\startup_stm32f10x_hd.o
PVD_IRQHandler                                    obj\startup_stm32f10x_hd.o
PendSV_Handler                                    obj\startup_stm32f10x_hd.o
RCC_IRQHandler                                    obj\startup_stm32f10x_hd.o
RTCAlarm_IRQHandler                               obj\startup_stm32f10x_hd.o
RTC_IRQHandler                                    obj\startup_stm32f10x_hd.o
Reset_Handler                                     obj\startup_stm32f10x_hd.o
SDIO_IRQHandler                                   obj\startup_stm32f10x_hd.o
SPI1_IRQHandler                                   obj\startup_stm32f10x_hd.o
SPI2_IRQHandler                                   obj\startup_stm32f10x_hd.o
SPI3_IRQHandler                                   obj\startup_stm32f10x_hd.o
SVC_Handler                                       obj\startup_stm32f10x_hd.o
SysTick_Handler                                   obj\startup_stm32f10x_hd.o
SystemCoreClock                                   obj\system_stm32f10x.o
SystemCoreClockUpdate                             obj\system_stm32f10x.o
SystemInit                                        obj\system_stm32f10x.o
                                                  obj\startup_stm32f10x_hd.o
TAMPER_IRQHandler                                 obj\startup_stm32f10x_hd.o
TIM1_BRK_IRQHandler                               obj\startup_stm32f10x_hd.o
TIM1_CC_IRQHandler                                obj\startup_stm32f10x_hd.o
TIM1_TRG_COM_IRQHandler                           obj\startup_stm32f10x_hd.o
TIM1_UP_IRQHandler                                obj\startup_stm32f10x_hd.o
TIM2_IRQHandler                                   obj\startup_stm32f10x_hd.o
TIM3_IRQHandler                                   obj\startup_stm32f10x_hd.o
TIM4_IRQHandler                                   obj\startup_stm32f10x_hd.o
TIM5_IRQHandler                                   obj\startup_stm32f10x_hd.o
TIM6_IRQHandler                                   obj\startup_stm32f10x_hd.o
TIM7_IRQHandler                                   obj\startup_stm32f10x_hd.o
TIM8_BRK_IRQHandler                               obj\startup_stm32f10x_hd.o
TIM8_CC_IRQHandler                                obj\startup_stm32f10x_hd.o
TIM8_TRG_COM_IRQHandler                           obj\startup_stm32f10x_hd.o
TIM8_UP_IRQHandler                                obj\startup_stm32f10x_hd.o
UART4_IRQHandler                                  obj\startup_stm32f10x_hd.o
UART5_IRQHandler                                  obj\startup_stm32f10x_hd.o
USART1_IRQHandler                                 obj\startup_stm32f10x_hd.o
USART2_IRQHandler                                 obj\startup_stm32f10x_hd.o
USART3_IRQHandler                                 obj\startup_stm32f10x_hd.o
USBWakeUp_IRQHandler                              obj\startup_stm32f10x_hd.o
USB_HP_CAN1_TX_IRQHandler                         obj\startup_stm32f10x_hd.o
USB_LP_CAN1_RX0_IRQHandler                        obj\startup_stm32f10x_hd.o
UsageFault_Handler                                obj\startup_stm32f10x_hd.o
WWDG_IRQHandler                                   obj\startup_stm32f10x_hd.o
__LDREXB                                          obj\core_cm3.o
__LDREXH                                          obj\core_cm3.o
__LDREXW                                          obj\core_cm3.o
__RBIT                                            obj\core_cm3.o
__REV                                             obj\core_cm3.o
__REV16                                           obj\core_cm3.o
__REVSH                                           obj\core_cm3.o
__STREXB                                          obj\core_cm3.o
__STREXH                                          obj\core_cm3.o
__STREXW                                          obj\core_cm3.o
__get_BASEPRI                                     obj\core_cm3.o
__get_CONTROL                                     obj\core_cm3.o
__get_FAULTMASK                                   obj\core_cm3.o
__get_MSP                                         obj\core_cm3.o
__get_PRIMASK                                     obj\core_cm3.o
__get_PSP                                         obj\core_cm3.o
__set_BASEPRI                                     obj\core_cm3.o
__set_CONTROL                                     obj\core_cm3.o
__set_FAULTMASK                                   obj\core_cm3.o
__set_MSP                                         obj\core_cm3.o
__set_PRIMASK                                     obj\core_cm3.o
__set_PSP                                         obj\core_cm3.o
_ebss                                             obj\startup_stm32f10x_hd.o
_edata                                            obj\startup_stm32f10x_hd.o
_estack                                           obj\startup_stm32f10x_hd.o
_sbss                                             obj\startup_stm32f10x_hd.o
_sdata                                            obj\startup_stm32f10x_hd.o
_sidata                                           obj\startup_stm32f10x_hd.o
delay                                             obj\main.o
g_pfnVectors                                      obj\startup_stm32f10x_hd.o
hello                                             obj\main.o
main                                              obj\main.o
                                                  obj\startup_stm32f10x_hd.o
uart1_send                                        obj\main.o
uart1_start                                       obj\main.o
uart1_stop                                        obj\main.o
